---
source: tui/src/chatwidget/tests/popups_and_settings.rs
expression: popup
---
  Select Agent Profile
  Sets the base instructions for new threads; changing profile starts a new ch

› 1. Default Codex (current)            Shipped Codex instructions and
                                        software-engineering workflow
  2. FermiLink Scientific Brainstorms   Start a panel of subagents for
                                        discussing impactful research
                                        directions
  3. FermiLink Scientific Algorithm     Hypothesis-driven search for correct,
                                        lower-scaling computational algorithms
  4. FermiLink Scientific Simulations   For long-duration HPC simulation
                                        workflows
  5. FermiLink Scientific Measurements  For experimental measurements with
                                        long-acquisition monitoring

  Press enter to confirm or esc to go back
