---
source: tui/src/chatwidget/tests/popups_and_settings.rs
expression: popup
---
  Select Agent Profile
  Sets the base instructions for new threads; changing profile starts a new ch

› 1. Default Codex (current)  Shipped Codex instructions and software-
                              engineering workflow
  2. Scientific Algorithm     Hypothesis-driven search for correct, lower-
                              scaling scientific algorithms
  3. Scientific Simulations   HPC simulation setup, convergence, long-job
                              monitoring, and validation
  4. Scientific Measurements  Calibration, uncertainty, provenance, and long-
                              acquisition monitoring

  Press enter to confirm or esc to go back
